2026-04-16 15:17:32 [INFO] aiogram.event: Update id=463919792 is not handled. Duration 0 ms by bot id=8496287141
2026-04-16 15:17:32 [INFO] aiogram.event: Update id=463919793 is not handled. Duration 0 ms by bot id=8496287141
2026-04-16 15:18:01 [INFO] aiogram.event: Update id=463919794 is not handled. Duration 0 ms by bot id=8496287141
2026-04-16 15:18:17 [INFO] aiogram.event: Update id=463919795 is not handled. Duration 0 ms by bot id=8496287141
2026-04-16 15:18:46 [INFO] aiogram.event: Update id=463919796 is not handled. Duration 16 ms by bot id=8496287141
2026-04-16 15:18:46 [ERROR] aiogram.event: Cause exception while process update id=463919796 by bot id=8496287141
ValueError: the greenlet library is required to use this function. No module named 'greenlet'
Traceback (most recent call last):
  File "/Users/paylakurusyan/Projects/Elixir-Peptide/Greetings-Bot/src/database/__init__.py", line 23, in get_session
    yield session
  File "/Users/paylakurusyan/Projects/Elixir-Peptide/Greetings-Bot/src/bot/services/questionnaire.py", line 27, in get_moderated_chat
    async with get_session() as session: return await get_chat_with_questions_and_answers(session, chat_id)
                                                ^^^^^^^^^^^^^^^^^^^^^^^^^^^^^^^^^^^^^^^^^^^^^^^^^^^^^^^^^^^
  File "/Users/paylakurusyan/Projects/Elixir-Peptide/Greetings-Bot/src/database/crud/chat.py", line 40, in get_chat_with_questions_and_answers
    result = await session.execute(
             ^^^^^^^^^^^^^^^^^^^^^^
    ...<4 lines>...
    )
    ^
  File "/Users/paylakurusyan/Projects/Elixir-Peptide/Greetings-Bot/.venv/lib/python3.14/site-packages/sqlalchemy/ext/asyncio/session.py", line 449, in execute
    result = await greenlet_spawn(
                   ~~~~~~~~~~~~~~^
        self.sync_session.execute,
        ^^^^^^^^^^^^^^^^^^^^^^^^^^
    ...<4 lines>...
        **kw,
        ^^^^^
    )
    ^
  File "/Users/paylakurusyan/Projects/Elixir-Peptide/Greetings-Bot/.venv/lib/python3.14/site-packages/sqlalchemy/util/concurrency.py", line 101, in greenlet_spawn
    _not_implemented()
    ~~~~~~~~~~~~~~~~^^
  File "/Users/paylakurusyan/Projects/Elixir-Peptide/Greetings-Bot/.venv/lib/python3.14/site-packages/sqlalchemy/util/concurrency.py", line 81, in _not_implemented
    raise ValueError(
    ...<4 lines>...
    )
ValueError: the greenlet library is required to use this function. No module named 'greenlet'

During handling of the above exception, another exception occurred:

Traceback (most recent call last):
  File "/Users/paylakurusyan/Projects/Elixir-Peptide/Greetings-Bot/.venv/lib/python3.14/site-packages/aiogram/dispatcher/dispatcher.py", line 320, in _process_update
    response = await self.feed_update(bot, update, **kwargs)
               ^^^^^^^^^^^^^^^^^^^^^^^^^^^^^^^^^^^^^^^^^^^^^
  File "/Users/paylakurusyan/Projects/Elixir-Peptide/Greetings-Bot/.venv/lib/python3.14/site-packages/aiogram/dispatcher/dispatcher.py", line 164, in feed_update
    response = await self.update.wrap_outer_middleware(
               ^^^^^^^^^^^^^^^^^^^^^^^^^^^^^^^^^^^^^^^^
    ...<7 lines>...
    )
    ^
  File "/Users/paylakurusyan/Projects/Elixir-Peptide/Greetings-Bot/.venv/lib/python3.14/site-packages/aiogram/dispatcher/middlewares/error.py", line 27, in __call__
    return await handler(event, data)
           ^^^^^^^^^^^^^^^^^^^^^^^^^^
  File "/Users/paylakurusyan/Projects/Elixir-Peptide/Greetings-Bot/.venv/lib/python3.14/site-packages/aiogram/dispatcher/middlewares/user_context.py", line 58, in __call__
    return await handler(event, data)
           ^^^^^^^^^^^^^^^^^^^^^^^^^^
  File "/Users/paylakurusyan/Projects/Elixir-Peptide/Greetings-Bot/.venv/lib/python3.14/site-packages/aiogram/fsm/middleware.py", line 43, in __call__
    return await handler(event, data)
           ^^^^^^^^^^^^^^^^^^^^^^^^^^
  File "/Users/paylakurusyan/Projects/Elixir-Peptide/Greetings-Bot/.venv/lib/python3.14/site-packages/aiogram/dispatcher/event/telegram.py", line 126, in trigger
    return await wrapped_inner(event, kwargs)
           ^^^^^^^^^^^^^^^^^^^^^^^^^^^^^^^^^^
  File "/Users/paylakurusyan/Projects/Elixir-Peptide/Greetings-Bot/.venv/lib/python3.14/site-packages/aiogram/dispatcher/event/handler.py", line 71, in call
    return await wrapped()
           ^^^^^^^^^^^^^^^
  File "/Users/paylakurusyan/Projects/Elixir-Peptide/Greetings-Bot/.venv/lib/python3.14/site-packages/aiogram/dispatcher/dispatcher.py", line 283, in _listen_update
    return await self.propagate_event(update_type=update_type, event=event, **kwargs)
           ^^^^^^^^^^^^^^^^^^^^^^^^^^^^^^^^^^^^^^^^^^^^^^^^^^^^^^^^^^^^^^^^^^^^^^^^^^
  File "/Users/paylakurusyan/Projects/Elixir-Peptide/Greetings-Bot/.venv/lib/python3.14/site-packages/aiogram/dispatcher/router.py", line 163, in propagate_event
    return await observer.wrap_outer_middleware(_wrapped, event=event, data=kwargs)
           ^^^^^^^^^^^^^^^^^^^^^^^^^^^^^^^^^^^^^^^^^^^^^^^^^^^^^^^^^^^^^^^^^^^^^^^^
  File "/Users/paylakurusyan/Projects/Elixir-Peptide/Greetings-Bot/.venv/lib/python3.14/site-packages/aiogram/dispatcher/router.py", line 155, in _wrapped
    return await self._propagate_event(
           ^^^^^^^^^^^^^^^^^^^^^^^^^^^^
    ...<4 lines>...
    )
    ^
  File "/Users/paylakurusyan/Projects/Elixir-Peptide/Greetings-Bot/.venv/lib/python3.14/site-packages/aiogram/dispatcher/router.py", line 191, in _propagate_event
    response = await router.propagate_event(update_type=update_type, event=event, **kwargs)
               ^^^^^^^^^^^^^^^^^^^^^^^^^^^^^^^^^^^^^^^^^^^^^^^^^^^^^^^^^^^^^^^^^^^^^^^^^^^^
  File "/Users/paylakurusyan/Projects/Elixir-Peptide/Greetings-Bot/.venv/lib/python3.14/site-packages/aiogram/dispatcher/router.py", line 163, in propagate_event
    return await observer.wrap_outer_middleware(_wrapped, event=event, data=kwargs)
           ^^^^^^^^^^^^^^^^^^^^^^^^^^^^^^^^^^^^^^^^^^^^^^^^^^^^^^^^^^^^^^^^^^^^^^^^
  File "/Users/paylakurusyan/Projects/Elixir-Peptide/Greetings-Bot/.venv/lib/python3.14/site-packages/aiogram/dispatcher/router.py", line 155, in _wrapped
    return await self._propagate_event(
           ^^^^^^^^^^^^^^^^^^^^^^^^^^^^
    ...<4 lines>...
    )
    ^
  File "/Users/paylakurusyan/Projects/Elixir-Peptide/Greetings-Bot/.venv/lib/python3.14/site-packages/aiogram/dispatcher/router.py", line 183, in _propagate_event
    response = await observer.trigger(event, **kwargs)
               ^^^^^^^^^^^^^^^^^^^^^^^^^^^^^^^^^^^^^^^
  File "/Users/paylakurusyan/Projects/Elixir-Peptide/Greetings-Bot/.venv/lib/python3.14/site-packages/aiogram/dispatcher/event/telegram.py", line 126, in trigger
    return await wrapped_inner(event, kwargs)
           ^^^^^^^^^^^^^^^^^^^^^^^^^^^^^^^^^^
  File "/Users/paylakurusyan/Projects/Elixir-Peptide/Greetings-Bot/.venv/lib/python3.14/site-packages/aiogram/dispatcher/event/handler.py", line 71, in call
    return await wrapped()
           ^^^^^^^^^^^^^^^
  File "/Users/paylakurusyan/Projects/Elixir-Peptide/Greetings-Bot/src/bot/handlers/user.py", line 23, in chat_member_updated
    moderated_chat = await get_moderated_chat(chat.id)
                     ^^^^^^^^^^^^^^^^^^^^^^^^^^^^^^^^^
  File "/Users/paylakurusyan/Projects/Elixir-Peptide/Greetings-Bot/src/bot/services/questionnaire.py", line 27, in get_moderated_chat
    async with get_session() as session: return await get_chat_with_questions_and_answers(session, chat_id)
               ~~~~~~~~~~~^^
  File "/opt/homebrew/Cellar/python@3.14/3.14.3_1/Frameworks/Python.framework/Versions/3.14/lib/python3.14/contextlib.py", line 235, in __aexit__
    await self.gen.athrow(value)
  File "/Users/paylakurusyan/Projects/Elixir-Peptide/Greetings-Bot/src/database/__init__.py", line 21, in get_session
    async with SessionLocal() as session:
               ~~~~~~~~~~~~^^
  File "/Users/paylakurusyan/Projects/Elixir-Peptide/Greetings-Bot/.venv/lib/python3.14/site-packages/sqlalchemy/ext/asyncio/session.py", line 1071, in __aexit__
    await asyncio.shield(task)
  File "/Users/paylakurusyan/Projects/Elixir-Peptide/Greetings-Bot/.venv/lib/python3.14/site-packages/sqlalchemy/ext/asyncio/session.py", line 1016, in close
    await greenlet_spawn(self.sync_session.close)
          ~~~~~~~~~~~~~~^^^^^^^^^^^^^^^^^^^^^^^^^
  File "/Users/paylakurusyan/Projects/Elixir-Peptide/Greetings-Bot/.venv/lib/python3.14/site-packages/sqlalchemy/util/concurrency.py", line 101, in greenlet_spawn
    _not_implemented()
    ~~~~~~~~~~~~~~~~^^
  File "/Users/paylakurusyan/Projects/Elixir-Peptide/Greetings-Bot/.venv/lib/python3.14/site-packages/sqlalchemy/util/concurrency.py", line 81, in _not_implemented
    raise ValueError(
    ...<4 lines>...
    )
ValueError: the greenlet library is required to use this function. No module named 'greenlet'
2026-04-16 15:18:46 [INFO] aiogram.event: Update id=463919797 is not handled. Duration 0 ms by bot id=8496287141
2026-04-16 15:19:00 [INFO] aiogram.event: Update id=463919798 is not handled. Duration 0 ms by bot id=8496287141
2026-04-16 15:19:00 [INFO] aiogram.event: Update id=463919799 is not handled. Duration 0 ms by bot id=8496287141
2026-04-16 15:19:21 [INFO] aiogram.event: Update id=463919800 is not handled. Duration 1 ms by bot id=8496287141
2026-04-16 15:19:21 [ERROR] aiogram.event: Cause exception while process update id=463919800 by bot id=8496287141
ValueError: the greenlet library is required to use this function. No module named 'greenlet'
Traceback (most recent call last):
  File "/Users/paylakurusyan/Projects/Elixir-Peptide/Greetings-Bot/src/database/__init__.py", line 23, in get_session
    yield session
  File "/Users/paylakurusyan/Projects/Elixir-Peptide/Greetings-Bot/src/bot/services/questionnaire.py", line 27, in get_moderated_chat
    async with get_session() as session: return await get_chat_with_questions_and_answers(session, chat_id)
                                                ^^^^^^^^^^^^^^^^^^^^^^^^^^^^^^^^^^^^^^^^^^^^^^^^^^^^^^^^^^^
  File "/Users/paylakurusyan/Projects/Elixir-Peptide/Greetings-Bot/src/database/crud/chat.py", line 40, in get_chat_with_questions_and_answers
    result = await session.execute(
             ^^^^^^^^^^^^^^^^^^^^^^
    ...<4 lines>...
    )
    ^
  File "/Users/paylakurusyan/Projects/Elixir-Peptide/Greetings-Bot/.venv/lib/python3.14/site-packages/sqlalchemy/ext/asyncio/session.py", line 449, in execute
    result = await greenlet_spawn(
                   ~~~~~~~~~~~~~~^
        self.sync_session.execute,
        ^^^^^^^^^^^^^^^^^^^^^^^^^^
    ...<4 lines>...
        **kw,
        ^^^^^
    )
    ^
  File "/Users/paylakurusyan/Projects/Elixir-Peptide/Greetings-Bot/.venv/lib/python3.14/site-packages/sqlalchemy/util/concurrency.py", line 101, in greenlet_spawn
    _not_implemented()
    ~~~~~~~~~~~~~~~~^^
  File "/Users/paylakurusyan/Projects/Elixir-Peptide/Greetings-Bot/.venv/lib/python3.14/site-packages/sqlalchemy/util/concurrency.py", line 81, in _not_implemented
    raise ValueError(
    ...<4 lines>...
    )
ValueError: the greenlet library is required to use this function. No module named 'greenlet'

During handling of the above exception, another exception occurred:

Traceback (most recent call last):
  File "/Users/paylakurusyan/Projects/Elixir-Peptide/Greetings-Bot/.venv/lib/python3.14/site-packages/aiogram/dispatcher/dispatcher.py", line 320, in _process_update
    response = await self.feed_update(bot, update, **kwargs)
               ^^^^^^^^^^^^^^^^^^^^^^^^^^^^^^^^^^^^^^^^^^^^^
  File "/Users/paylakurusyan/Projects/Elixir-Peptide/Greetings-Bot/.venv/lib/python3.14/site-packages/aiogram/dispatcher/dispatcher.py", line 164, in feed_update
    response = await self.update.wrap_outer_middleware(
               ^^^^^^^^^^^^^^^^^^^^^^^^^^^^^^^^^^^^^^^^
    ...<7 lines>...
    )
    ^
  File "/Users/paylakurusyan/Projects/Elixir-Peptide/Greetings-Bot/.venv/lib/python3.14/site-packages/aiogram/dispatcher/middlewares/error.py", line 27, in __call__
    return await handler(event, data)
           ^^^^^^^^^^^^^^^^^^^^^^^^^^
  File "/Users/paylakurusyan/Projects/Elixir-Peptide/Greetings-Bot/.venv/lib/python3.14/site-packages/aiogram/dispatcher/middlewares/user_context.py", line 58, in __call__
    return await handler(event, data)
           ^^^^^^^^^^^^^^^^^^^^^^^^^^
  File "/Users/paylakurusyan/Projects/Elixir-Peptide/Greetings-Bot/.venv/lib/python3.14/site-packages/aiogram/fsm/middleware.py", line 43, in __call__
    return await handler(event, data)
           ^^^^^^^^^^^^^^^^^^^^^^^^^^
  File "/Users/paylakurusyan/Projects/Elixir-Peptide/Greetings-Bot/.venv/lib/python3.14/site-packages/aiogram/dispatcher/event/telegram.py", line 126, in trigger
    return await wrapped_inner(event, kwargs)
           ^^^^^^^^^^^^^^^^^^^^^^^^^^^^^^^^^^
  File "/Users/paylakurusyan/Projects/Elixir-Peptide/Greetings-Bot/.venv/lib/python3.14/site-packages/aiogram/dispatcher/event/handler.py", line 71, in call
    return await wrapped()
           ^^^^^^^^^^^^^^^
  File "/Users/paylakurusyan/Projects/Elixir-Peptide/Greetings-Bot/.venv/lib/python3.14/site-packages/aiogram/dispatcher/dispatcher.py", line 283, in _listen_update
    return await self.propagate_event(update_type=update_type, event=event, **kwargs)
           ^^^^^^^^^^^^^^^^^^^^^^^^^^^^^^^^^^^^^^^^^^^^^^^^^^^^^^^^^^^^^^^^^^^^^^^^^^
  File "/Users/paylakurusyan/Projects/Elixir-Peptide/Greetings-Bot/.venv/lib/python3.14/site-packages/aiogram/dispatcher/router.py", line 163, in propagate_event
    return await observer.wrap_outer_middleware(_wrapped, event=event, data=kwargs)
           ^^^^^^^^^^^^^^^^^^^^^^^^^^^^^^^^^^^^^^^^^^^^^^^^^^^^^^^^^^^^^^^^^^^^^^^^
  File "/Users/paylakurusyan/Projects/Elixir-Peptide/Greetings-Bot/.venv/lib/python3.14/site-packages/aiogram/dispatcher/router.py", line 155, in _wrapped
    return await self._propagate_event(
           ^^^^^^^^^^^^^^^^^^^^^^^^^^^^
    ...<4 lines>...
    )
    ^
  File "/Users/paylakurusyan/Projects/Elixir-Peptide/Greetings-Bot/.venv/lib/python3.14/site-packages/aiogram/dispatcher/router.py", line 191, in _propagate_event
    response = await router.propagate_event(update_type=update_type, event=event, **kwargs)
               ^^^^^^^^^^^^^^^^^^^^^^^^^^^^^^^^^^^^^^^^^^^^^^^^^^^^^^^^^^^^^^^^^^^^^^^^^^^^
  File "/Users/paylakurusyan/Projects/Elixir-Peptide/Greetings-Bot/.venv/lib/python3.14/site-packages/aiogram/dispatcher/router.py", line 163, in propagate_event
    return await observer.wrap_outer_middleware(_wrapped, event=event, data=kwargs)
           ^^^^^^^^^^^^^^^^^^^^^^^^^^^^^^^^^^^^^^^^^^^^^^^^^^^^^^^^^^^^^^^^^^^^^^^^
  File "/Users/paylakurusyan/Projects/Elixir-Peptide/Greetings-Bot/.venv/lib/python3.14/site-packages/aiogram/dispatcher/router.py", line 155, in _wrapped
    return await self._propagate_event(
           ^^^^^^^^^^^^^^^^^^^^^^^^^^^^
    ...<4 lines>...
    )
    ^
  File "/Users/paylakurusyan/Projects/Elixir-Peptide/Greetings-Bot/.venv/lib/python3.14/site-packages/aiogram/dispatcher/router.py", line 183, in _propagate_event
    response = await observer.trigger(event, **kwargs)
               ^^^^^^^^^^^^^^^^^^^^^^^^^^^^^^^^^^^^^^^
  File "/Users/paylakurusyan/Projects/Elixir-Peptide/Greetings-Bot/.venv/lib/python3.14/site-packages/aiogram/dispatcher/event/telegram.py", line 126, in trigger
    return await wrapped_inner(event, kwargs)
           ^^^^^^^^^^^^^^^^^^^^^^^^^^^^^^^^^^
  File "/Users/paylakurusyan/Projects/Elixir-Peptide/Greetings-Bot/.venv/lib/python3.14/site-packages/aiogram/dispatcher/event/handler.py", line 71, in call
    return await wrapped()
           ^^^^^^^^^^^^^^^
  File "/Users/paylakurusyan/Projects/Elixir-Peptide/Greetings-Bot/src/bot/handlers/user.py", line 23, in chat_member_updated
    moderated_chat = await get_moderated_chat(chat.id)
                     ^^^^^^^^^^^^^^^^^^^^^^^^^^^^^^^^^
  File "/Users/paylakurusyan/Projects/Elixir-Peptide/Greetings-Bot/src/bot/services/questionnaire.py", line 27, in get_moderated_chat
    async with get_session() as session: return await get_chat_with_questions_and_answers(session, chat_id)
               ~~~~~~~~~~~^^
  File "/opt/homebrew/Cellar/python@3.14/3.14.3_1/Frameworks/Python.framework/Versions/3.14/lib/python3.14/contextlib.py", line 235, in __aexit__
    await self.gen.athrow(value)
  File "/Users/paylakurusyan/Projects/Elixir-Peptide/Greetings-Bot/src/database/__init__.py", line 21, in get_session
    async with SessionLocal() as session:
               ~~~~~~~~~~~~^^
  File "/Users/paylakurusyan/Projects/Elixir-Peptide/Greetings-Bot/.venv/lib/python3.14/site-packages/sqlalchemy/ext/asyncio/session.py", line 1071, in __aexit__
    await asyncio.shield(task)
  File "/Users/paylakurusyan/Projects/Elixir-Peptide/Greetings-Bot/.venv/lib/python3.14/site-packages/sqlalchemy/ext/asyncio/session.py", line 1016, in close
    await greenlet_spawn(self.sync_session.close)
          ~~~~~~~~~~~~~~^^^^^^^^^^^^^^^^^^^^^^^^^
  File "/Users/paylakurusyan/Projects/Elixir-Peptide/Greetings-Bot/.venv/lib/python3.14/site-packages/sqlalchemy/util/concurrency.py", line 101, in greenlet_spawn
    _not_implemented()
    ~~~~~~~~~~~~~~~~^^
  File "/Users/paylakurusyan/Projects/Elixir-Peptide/Greetings-Bot/.venv/lib/python3.14/site-packages/sqlalchemy/util/concurrency.py", line 81, in _not_implemented
    raise ValueError(
    ...<4 lines>...
    )
ValueError: the greenlet library is required to use this function. No module named 'greenlet'
2026-04-16 15:19:22 [INFO] aiogram.event: Update id=463919801 is not handled. Duration 0 ms by bot id=8496287141
2026-04-16 15:19:36 [INFO] aiogram.event: Update id=463919802 is not handled. Duration 0 ms by bot id=8496287141
2026-04-16 15:19:36 [INFO] aiogram.event: Update id=463919803 is not handled. Duration 0 ms by bot id=8496287141
2026-04-16 15:19:41 [INFO] aiogram.event: Update id=463919804 is not handled. Duration 26 ms by bot id=8496287141
2026-04-16 15:19:41 [ERROR] aiogram.event: Cause exception while process update id=463919804 by bot id=8496287141
InvalidAuthorizationSpecificationError: role "greetingsuser" does not exist
Traceback (most recent call last):
  File "/Users/paylakurusyan/Projects/Elixir-Peptide/Greetings-Bot/.venv/lib/python3.14/site-packages/aiogram/dispatcher/dispatcher.py", line 320, in _process_update
    response = await self.feed_update(bot, update, **kwargs)
               ^^^^^^^^^^^^^^^^^^^^^^^^^^^^^^^^^^^^^^^^^^^^^
  File "/Users/paylakurusyan/Projects/Elixir-Peptide/Greetings-Bot/.venv/lib/python3.14/site-packages/aiogram/dispatcher/dispatcher.py", line 164, in feed_update
    response = await self.update.wrap_outer_middleware(
               ^^^^^^^^^^^^^^^^^^^^^^^^^^^^^^^^^^^^^^^^
    ...<7 lines>...
    )
    ^
  File "/Users/paylakurusyan/Projects/Elixir-Peptide/Greetings-Bot/.venv/lib/python3.14/site-packages/aiogram/dispatcher/middlewares/error.py", line 27, in __call__
    return await handler(event, data)
           ^^^^^^^^^^^^^^^^^^^^^^^^^^
  File "/Users/paylakurusyan/Projects/Elixir-Peptide/Greetings-Bot/.venv/lib/python3.14/site-packages/aiogram/dispatcher/middlewares/user_context.py", line 58, in __call__
    return await handler(event, data)
           ^^^^^^^^^^^^^^^^^^^^^^^^^^
  File "/Users/paylakurusyan/Projects/Elixir-Peptide/Greetings-Bot/.venv/lib/python3.14/site-packages/aiogram/fsm/middleware.py", line 43, in __call__
    return await handler(event, data)
           ^^^^^^^^^^^^^^^^^^^^^^^^^^
  File "/Users/paylakurusyan/Projects/Elixir-Peptide/Greetings-Bot/.venv/lib/python3.14/site-packages/aiogram/dispatcher/event/telegram.py", line 126, in trigger
    return await wrapped_inner(event, kwargs)
           ^^^^^^^^^^^^^^^^^^^^^^^^^^^^^^^^^^
  File "/Users/paylakurusyan/Projects/Elixir-Peptide/Greetings-Bot/.venv/lib/python3.14/site-packages/aiogram/dispatcher/event/handler.py", line 71, in call
    return await wrapped()
           ^^^^^^^^^^^^^^^
  File "/Users/paylakurusyan/Projects/Elixir-Peptide/Greetings-Bot/.venv/lib/python3.14/site-packages/aiogram/dispatcher/dispatcher.py", line 283, in _listen_update
    return await self.propagate_event(update_type=update_type, event=event, **kwargs)
           ^^^^^^^^^^^^^^^^^^^^^^^^^^^^^^^^^^^^^^^^^^^^^^^^^^^^^^^^^^^^^^^^^^^^^^^^^^
  File "/Users/paylakurusyan/Projects/Elixir-Peptide/Greetings-Bot/.venv/lib/python3.14/site-packages/aiogram/dispatcher/router.py", line 163, in propagate_event
    return await observer.wrap_outer_middleware(_wrapped, event=event, data=kwargs)
           ^^^^^^^^^^^^^^^^^^^^^^^^^^^^^^^^^^^^^^^^^^^^^^^^^^^^^^^^^^^^^^^^^^^^^^^^
  File "/Users/paylakurusyan/Projects/Elixir-Peptide/Greetings-Bot/.venv/lib/python3.14/site-packages/aiogram/dispatcher/router.py", line 155, in _wrapped
    return await self._propagate_event(
           ^^^^^^^^^^^^^^^^^^^^^^^^^^^^
    ...<4 lines>...
    )
    ^
  File "/Users/paylakurusyan/Projects/Elixir-Peptide/Greetings-Bot/.venv/lib/python3.14/site-packages/aiogram/dispatcher/router.py", line 191, in _propagate_event
    response = await router.propagate_event(update_type=update_type, event=event, **kwargs)
               ^^^^^^^^^^^^^^^^^^^^^^^^^^^^^^^^^^^^^^^^^^^^^^^^^^^^^^^^^^^^^^^^^^^^^^^^^^^^
  File "/Users/paylakurusyan/Projects/Elixir-Peptide/Greetings-Bot/.venv/lib/python3.14/site-packages/aiogram/dispatcher/router.py", line 163, in propagate_event
    return await observer.wrap_outer_middleware(_wrapped, event=event, data=kwargs)
           ^^^^^^^^^^^^^^^^^^^^^^^^^^^^^^^^^^^^^^^^^^^^^^^^^^^^^^^^^^^^^^^^^^^^^^^^
  File "/Users/paylakurusyan/Projects/Elixir-Peptide/Greetings-Bot/.venv/lib/python3.14/site-packages/aiogram/dispatcher/router.py", line 155, in _wrapped
    return await self._propagate_event(
           ^^^^^^^^^^^^^^^^^^^^^^^^^^^^
    ...<4 lines>...
    )
    ^
  File "/Users/paylakurusyan/Projects/Elixir-Peptide/Greetings-Bot/.venv/lib/python3.14/site-packages/aiogram/dispatcher/router.py", line 183, in _propagate_event
    response = await observer.trigger(event, **kwargs)
               ^^^^^^^^^^^^^^^^^^^^^^^^^^^^^^^^^^^^^^^
  File "/Users/paylakurusyan/Projects/Elixir-Peptide/Greetings-Bot/.venv/lib/python3.14/site-packages/aiogram/dispatcher/event/telegram.py", line 126, in trigger
    return await wrapped_inner(event, kwargs)
           ^^^^^^^^^^^^^^^^^^^^^^^^^^^^^^^^^^
  File "/Users/paylakurusyan/Projects/Elixir-Peptide/Greetings-Bot/.venv/lib/python3.14/site-packages/aiogram/dispatcher/event/handler.py", line 71, in call
    return await wrapped()
           ^^^^^^^^^^^^^^^
  File "/Users/paylakurusyan/Projects/Elixir-Peptide/Greetings-Bot/src/bot/handlers/user.py", line 23, in chat_member_updated
    moderated_chat = await get_moderated_chat(chat.id)
                     ^^^^^^^^^^^^^^^^^^^^^^^^^^^^^^^^^
  File "/Users/paylakurusyan/Projects/Elixir-Peptide/Greetings-Bot/src/bot/services/questionnaire.py", line 27, in get_moderated_chat
    async with get_session() as session: return await get_chat_with_questions_and_answers(session, chat_id)
                                                ^^^^^^^^^^^^^^^^^^^^^^^^^^^^^^^^^^^^^^^^^^^^^^^^^^^^^^^^^^^
  File "/Users/paylakurusyan/Projects/Elixir-Peptide/Greetings-Bot/src/database/crud/chat.py", line 40, in get_chat_with_questions_and_answers
    result = await session.execute(
             ^^^^^^^^^^^^^^^^^^^^^^
    ...<4 lines>...
    )
    ^
  File "/Users/paylakurusyan/Projects/Elixir-Peptide/Greetings-Bot/.venv/lib/python3.14/site-packages/sqlalchemy/ext/asyncio/session.py", line 449, in execute
    result = await greenlet_spawn(
             ^^^^^^^^^^^^^^^^^^^^^
    ...<6 lines>...
    )
    ^
  File "/Users/paylakurusyan/Projects/Elixir-Peptide/Greetings-Bot/.venv/lib/python3.14/site-packages/sqlalchemy/util/_concurrency_py3k.py", line 201, in greenlet_spawn
    result = context.throw(*sys.exc_info())
  File "/Users/paylakurusyan/Projects/Elixir-Peptide/Greetings-Bot/.venv/lib/python3.14/site-packages/sqlalchemy/orm/session.py", line 2351, in execute
    return self._execute_internal(
           ~~~~~~~~~~~~~~~~~~~~~~^
        statement,
        ^^^^^^^^^^
    ...<4 lines>...
        _add_event=_add_event,
        ^^^^^^^^^^^^^^^^^^^^^^
    )
    ^
  File "/Users/paylakurusyan/Projects/Elixir-Peptide/Greetings-Bot/.venv/lib/python3.14/site-packages/sqlalchemy/orm/session.py", line 2239, in _execute_internal
    conn = self._connection_for_bind(bind)
  File "/Users/paylakurusyan/Projects/Elixir-Peptide/Greetings-Bot/.venv/lib/python3.14/site-packages/sqlalchemy/orm/session.py", line 2108, in _connection_for_bind
    return trans._connection_for_bind(engine, execution_options)
           ~~~~~~~~~~~~~~~~~~~~~~~~~~^^^^^^^^^^^^^^^^^^^^^^^^^^^
  File "<string>", line 2, in _connection_for_bind
  File "/Users/paylakurusyan/Projects/Elixir-Peptide/Greetings-Bot/.venv/lib/python3.14/site-packages/sqlalchemy/orm/state_changes.py", line 137, in _go
    ret_value = fn(self, *arg, **kw)
  File "/Users/paylakurusyan/Projects/Elixir-Peptide/Greetings-Bot/.venv/lib/python3.14/site-packages/sqlalchemy/orm/session.py", line 1187, in _connection_for_bind
    conn = bind.connect()
  File "/Users/paylakurusyan/Projects/Elixir-Peptide/Greetings-Bot/.venv/lib/python3.14/site-packages/sqlalchemy/engine/base.py", line 3285, in connect
    return self._connection_cls(self)
           ~~~~~~~~~~~~~~~~~~~~^^^^^^
  File "/Users/paylakurusyan/Projects/Elixir-Peptide/Greetings-Bot/.venv/lib/python3.14/site-packages/sqlalchemy/engine/base.py", line 143, in __init__
    self._dbapi_connection = engine.raw_connection()
                             ~~~~~~~~~~~~~~~~~~~~~^^
  File "/Users/paylakurusyan/Projects/Elixir-Peptide/Greetings-Bot/.venv/lib/python3.14/site-packages/sqlalchemy/engine/base.py", line 3309, in raw_connection
    return self.pool.connect()
           ~~~~~~~~~~~~~~~~~^^
  File "/Users/paylakurusyan/Projects/Elixir-Peptide/Greetings-Bot/.venv/lib/python3.14/site-packages/sqlalchemy/pool/base.py", line 447, in connect
    return _ConnectionFairy._checkout(self)
           ~~~~~~~~~~~~~~~~~~~~~~~~~~^^^^^^
  File "/Users/paylakurusyan/Projects/Elixir-Peptide/Greetings-Bot/.venv/lib/python3.14/site-packages/sqlalchemy/pool/base.py", line 1264, in _checkout
    fairy = _ConnectionRecord.checkout(pool)
  File "/Users/paylakurusyan/Projects/Elixir-Peptide/Greetings-Bot/.venv/lib/python3.14/site-packages/sqlalchemy/pool/base.py", line 711, in checkout
    rec = pool._do_get()
  File "/Users/paylakurusyan/Projects/Elixir-Peptide/Greetings-Bot/.venv/lib/python3.14/site-packages/sqlalchemy/pool/impl.py", line 177, in _do_get
    with util.safe_reraise():
         ~~~~~~~~~~~~~~~~~^^
  File "/Users/paylakurusyan/Projects/Elixir-Peptide/Greetings-Bot/.venv/lib/python3.14/site-packages/sqlalchemy/util/langhelpers.py", line 224, in __exit__
    raise exc_value.with_traceback(exc_tb)
  File "/Users/paylakurusyan/Projects/Elixir-Peptide/Greetings-Bot/.venv/lib/python3.14/site-packages/sqlalchemy/pool/impl.py", line 175, in _do_get
    return self._create_connection()
           ~~~~~~~~~~~~~~~~~~~~~~~^^
  File "/Users/paylakurusyan/Projects/Elixir-Peptide/Greetings-Bot/.venv/lib/python3.14/site-packages/sqlalchemy/pool/base.py", line 388, in _create_connection
    return _ConnectionRecord(self)
  File "/Users/paylakurusyan/Projects/Elixir-Peptide/Greetings-Bot/.venv/lib/python3.14/site-packages/sqlalchemy/pool/base.py", line 673, in __init__
    self.__connect()
    ~~~~~~~~~~~~~~^^
  File "/Users/paylakurusyan/Projects/Elixir-Peptide/Greetings-Bot/.venv/lib/python3.14/site-packages/sqlalchemy/pool/base.py", line 899, in __connect
    with util.safe_reraise():
         ~~~~~~~~~~~~~~~~~^^
  File "/Users/paylakurusyan/Projects/Elixir-Peptide/Greetings-Bot/.venv/lib/python3.14/site-packages/sqlalchemy/util/langhelpers.py", line 224, in __exit__
    raise exc_value.with_traceback(exc_tb)
  File "/Users/paylakurusyan/Projects/Elixir-Peptide/Greetings-Bot/.venv/lib/python3.14/site-packages/sqlalchemy/pool/base.py", line 895, in __connect
    self.dbapi_connection = connection = pool._invoke_creator(self)
                                         ~~~~~~~~~~~~~~~~~~~~^^^^^^
  File "/Users/paylakurusyan/Projects/Elixir-Peptide/Greetings-Bot/.venv/lib/python3.14/site-packages/sqlalchemy/engine/create.py", line 661, in connect
    return dialect.connect(*cargs, **cparams)
           ~~~~~~~~~~~~~~~^^^^^^^^^^^^^^^^^^^
  File "/Users/paylakurusyan/Projects/Elixir-Peptide/Greetings-Bot/.venv/lib/python3.14/site-packages/sqlalchemy/engine/default.py", line 630, in connect
    return self.loaded_dbapi.connect(*cargs, **cparams)  # type: ignore[no-any-return]  # NOQA: E501
           ~~~~~~~~~~~~~~~~~~~~~~~~~^^^^^^^^^^^^^^^^^^^
  File "/Users/paylakurusyan/Projects/Elixir-Peptide/Greetings-Bot/.venv/lib/python3.14/site-packages/sqlalchemy/dialects/postgresql/asyncpg.py", line 955, in connect
    await_only(creator_fn(*arg, **kw)),
    ~~~~~~~~~~^^^^^^^^^^^^^^^^^^^^^^^^
  File "/Users/paylakurusyan/Projects/Elixir-Peptide/Greetings-Bot/.venv/lib/python3.14/site-packages/sqlalchemy/util/_concurrency_py3k.py", line 132, in await_only
    return current.parent.switch(awaitable)  # type: ignore[no-any-return,attr-defined] # noqa: E501
           ~~~~~~~~~~~~~~~~~~~~~^^^^^^^^^^^
  File "/Users/paylakurusyan/Projects/Elixir-Peptide/Greetings-Bot/.venv/lib/python3.14/site-packages/sqlalchemy/util/_concurrency_py3k.py", line 196, in greenlet_spawn
    value = await result
            ^^^^^^^^^^^^
  File "/Users/paylakurusyan/Projects/Elixir-Peptide/Greetings-Bot/.venv/lib/python3.14/site-packages/asyncpg/connection.py", line 2443, in connect
    return await connect_utils._connect(
           ^^^^^^^^^^^^^^^^^^^^^^^^^^^^^
    ...<22 lines>...
    )
    ^
  File "/Users/paylakurusyan/Projects/Elixir-Peptide/Greetings-Bot/.venv/lib/python3.14/site-packages/asyncpg/connect_utils.py", line 1218, in _connect
    conn = await _connect_addr(
           ^^^^^^^^^^^^^^^^^^^^
    ...<6 lines>...
    )
    ^
  File "/Users/paylakurusyan/Projects/Elixir-Peptide/Greetings-Bot/.venv/lib/python3.14/site-packages/asyncpg/connect_utils.py", line 1054, in _connect_addr
    return await __connect_addr(params, True, *args)
           ^^^^^^^^^^^^^^^^^^^^^^^^^^^^^^^^^^^^^^^^^
  File "/Users/paylakurusyan/Projects/Elixir-Peptide/Greetings-Bot/.venv/lib/python3.14/site-packages/asyncpg/connect_utils.py", line 1102, in __connect_addr
    await connected
asyncpg.exceptions.InvalidAuthorizationSpecificationError: role "greetingsuser" does not exist
2026-04-16 15:19:41 [INFO] aiogram.event: Update id=463919805 is not handled. Duration 0 ms by bot id=8496287141
2026-04-16 15:22:18 [INFO] aiogram.event: Update id=463919806 is not handled. Duration 0 ms by bot id=8496287141
2026-04-16 15:22:18 [INFO] aiogram.event: Update id=463919807 is not handled. Duration 0 ms by bot id=8496287141
2026-04-16 15:22:23 [INFO] aiogram.event: Update id=463919808 is not handled. Duration 35 ms by bot id=8496287141
2026-04-16 15:22:23 [ERROR] aiogram.event: Cause exception while process update id=463919808 by bot id=8496287141
ProgrammingError: (sqlalchemy.dialects.postgresql.asyncpg.ProgrammingError) <class 'asyncpg.exceptions.UndefinedTableError'>: relation "moderated_chats" does not exist
[SQL: SELECT moderated_chats.id, moderated_chats.greetings_text, moderated_chats.created_at, moderated_chats.updated_at 
FROM moderated_chats 
WHERE moderated_chats.id = $1::BIGINT]
[parameters: (-1003930531963,)]
(Background on this error at: https://sqlalche.me/e/20/f405)
Traceback (most recent call last):
  File "/Users/paylakurusyan/Projects/Elixir-Peptide/Greetings-Bot/.venv/lib/python3.14/site-packages/sqlalchemy/dialects/postgresql/asyncpg.py", line 526, in _prepare_and_execute
    prepared_stmt, attributes = await adapt_connection._prepare(
                                ^^^^^^^^^^^^^^^^^^^^^^^^^^^^^^^^
        operation, self._invalidate_schema_cache_asof
        ^^^^^^^^^^^^^^^^^^^^^^^^^^^^^^^^^^^^^^^^^^^^^
    )
    ^
  File "/Users/paylakurusyan/Projects/Elixir-Peptide/Greetings-Bot/.venv/lib/python3.14/site-packages/sqlalchemy/dialects/postgresql/asyncpg.py", line 773, in _prepare
    prepared_stmt = await self._connection.prepare(
                    ^^^^^^^^^^^^^^^^^^^^^^^^^^^^^^^
        operation, name=self._prepared_statement_name_func()
        ^^^^^^^^^^^^^^^^^^^^^^^^^^^^^^^^^^^^^^^^^^^^^^^^^^^^
    )
    ^
  File "/Users/paylakurusyan/Projects/Elixir-Peptide/Greetings-Bot/.venv/lib/python3.14/site-packages/asyncpg/connection.py", line 638, in prepare
    return await self._prepare(
           ^^^^^^^^^^^^^^^^^^^^
    ...<4 lines>...
    )
    ^
  File "/Users/paylakurusyan/Projects/Elixir-Peptide/Greetings-Bot/.venv/lib/python3.14/site-packages/asyncpg/connection.py", line 657, in _prepare
    stmt = await self._get_statement(
           ^^^^^^^^^^^^^^^^^^^^^^^^^^
    ...<5 lines>...
    )
    ^
  File "/Users/paylakurusyan/Projects/Elixir-Peptide/Greetings-Bot/.venv/lib/python3.14/site-packages/asyncpg/connection.py", line 443, in _get_statement
    statement = await self._protocol.prepare(
                ^^^^^^^^^^^^^^^^^^^^^^^^^^^^^
    ...<5 lines>...
    )
    ^
  File "asyncpg/protocol/protocol.pyx", line 165, in prepare
asyncpg.exceptions.UndefinedTableError: relation "moderated_chats" does not exist

The above exception was the direct cause of the following exception:

Traceback (most recent call last):
  File "/Users/paylakurusyan/Projects/Elixir-Peptide/Greetings-Bot/.venv/lib/python3.14/site-packages/sqlalchemy/engine/base.py", line 1967, in _exec_single_context
    self.dialect.do_execute(
    ~~~~~~~~~~~~~~~~~~~~~~~^
        cursor, str_statement, effective_parameters, context
        ^^^^^^^^^^^^^^^^^^^^^^^^^^^^^^^^^^^^^^^^^^^^^^^^^^^^
    )
    ^
  File "/Users/paylakurusyan/Projects/Elixir-Peptide/Greetings-Bot/.venv/lib/python3.14/site-packages/sqlalchemy/engine/default.py", line 952, in do_execute
    cursor.execute(statement, parameters)
    ~~~~~~~~~~~~~~^^^^^^^^^^^^^^^^^^^^^^^
  File "/Users/paylakurusyan/Projects/Elixir-Peptide/Greetings-Bot/.venv/lib/python3.14/site-packages/sqlalchemy/dialects/postgresql/asyncpg.py", line 585, in execute
    self._adapt_connection.await_(
    ~~~~~~~~~~~~~~~~~~~~~~~~~~~~~^
        self._prepare_and_execute(operation, parameters)
        ^^^^^^^^^^^^^^^^^^^^^^^^^^^^^^^^^^^^^^^^^^^^^^^^
    )
    ^
  File "/Users/paylakurusyan/Projects/Elixir-Peptide/Greetings-Bot/.venv/lib/python3.14/site-packages/sqlalchemy/util/_concurrency_py3k.py", line 132, in await_only
    return current.parent.switch(awaitable)  # type: ignore[no-any-return,attr-defined] # noqa: E501
           ~~~~~~~~~~~~~~~~~~~~~^^^^^^^^^^^
  File "/Users/paylakurusyan/Projects/Elixir-Peptide/Greetings-Bot/.venv/lib/python3.14/site-packages/sqlalchemy/util/_concurrency_py3k.py", line 196, in greenlet_spawn
    value = await result
            ^^^^^^^^^^^^
  File "/Users/paylakurusyan/Projects/Elixir-Peptide/Greetings-Bot/.venv/lib/python3.14/site-packages/sqlalchemy/dialects/postgresql/asyncpg.py", line 563, in _prepare_and_execute
    self._handle_exception(error)
    ~~~~~~~~~~~~~~~~~~~~~~^^^^^^^
  File "/Users/paylakurusyan/Projects/Elixir-Peptide/Greetings-Bot/.venv/lib/python3.14/site-packages/sqlalchemy/dialects/postgresql/asyncpg.py", line 513, in _handle_exception
    self._adapt_connection._handle_exception(error)
    ~~~~~~~~~~~~~~~~~~~~~~~~~~~~~~~~~~~~~~~~^^^^^^^
  File "/Users/paylakurusyan/Projects/Elixir-Peptide/Greetings-Bot/.venv/lib/python3.14/site-packages/sqlalchemy/dialects/postgresql/asyncpg.py", line 797, in _handle_exception
    raise translated_error from error
sqlalchemy.dialects.postgresql.asyncpg.AsyncAdapt_asyncpg_dbapi.ProgrammingError: <class 'asyncpg.exceptions.UndefinedTableError'>: relation "moderated_chats" does not exist

The above exception was the direct cause of the following exception:

Traceback (most recent call last):
  File "/Users/paylakurusyan/Projects/Elixir-Peptide/Greetings-Bot/.venv/lib/python3.14/site-packages/aiogram/dispatcher/dispatcher.py", line 320, in _process_update
    response = await self.feed_update(bot, update, **kwargs)
               ^^^^^^^^^^^^^^^^^^^^^^^^^^^^^^^^^^^^^^^^^^^^^
  File "/Users/paylakurusyan/Projects/Elixir-Peptide/Greetings-Bot/.venv/lib/python3.14/site-packages/aiogram/dispatcher/dispatcher.py", line 164, in feed_update
    response = await self.update.wrap_outer_middleware(
               ^^^^^^^^^^^^^^^^^^^^^^^^^^^^^^^^^^^^^^^^
    ...<7 lines>...
    )
    ^
  File "/Users/paylakurusyan/Projects/Elixir-Peptide/Greetings-Bot/.venv/lib/python3.14/site-packages/aiogram/dispatcher/middlewares/error.py", line 27, in __call__
    return await handler(event, data)
           ^^^^^^^^^^^^^^^^^^^^^^^^^^
  File "/Users/paylakurusyan/Projects/Elixir-Peptide/Greetings-Bot/.venv/lib/python3.14/site-packages/aiogram/dispatcher/middlewares/user_context.py", line 58, in __call__
    return await handler(event, data)
           ^^^^^^^^^^^^^^^^^^^^^^^^^^
  File "/Users/paylakurusyan/Projects/Elixir-Peptide/Greetings-Bot/.venv/lib/python3.14/site-packages/aiogram/fsm/middleware.py", line 43, in __call__
    return await handler(event, data)
           ^^^^^^^^^^^^^^^^^^^^^^^^^^
  File "/Users/paylakurusyan/Projects/Elixir-Peptide/Greetings-Bot/.venv/lib/python3.14/site-packages/aiogram/dispatcher/event/telegram.py", line 126, in trigger
    return await wrapped_inner(event, kwargs)
           ^^^^^^^^^^^^^^^^^^^^^^^^^^^^^^^^^^
  File "/Users/paylakurusyan/Projects/Elixir-Peptide/Greetings-Bot/.venv/lib/python3.14/site-packages/aiogram/dispatcher/event/handler.py", line 71, in call
    return await wrapped()
           ^^^^^^^^^^^^^^^
  File "/Users/paylakurusyan/Projects/Elixir-Peptide/Greetings-Bot/.venv/lib/python3.14/site-packages/aiogram/dispatcher/dispatcher.py", line 283, in _listen_update
    return await self.propagate_event(update_type=update_type, event=event, **kwargs)
           ^^^^^^^^^^^^^^^^^^^^^^^^^^^^^^^^^^^^^^^^^^^^^^^^^^^^^^^^^^^^^^^^^^^^^^^^^^
  File "/Users/paylakurusyan/Projects/Elixir-Peptide/Greetings-Bot/.venv/lib/python3.14/site-packages/aiogram/dispatcher/router.py", line 163, in propagate_event
    return await observer.wrap_outer_middleware(_wrapped, event=event, data=kwargs)
           ^^^^^^^^^^^^^^^^^^^^^^^^^^^^^^^^^^^^^^^^^^^^^^^^^^^^^^^^^^^^^^^^^^^^^^^^
  File "/Users/paylakurusyan/Projects/Elixir-Peptide/Greetings-Bot/.venv/lib/python3.14/site-packages/aiogram/dispatcher/router.py", line 155, in _wrapped
    return await self._propagate_event(
           ^^^^^^^^^^^^^^^^^^^^^^^^^^^^
    ...<4 lines>...
    )
    ^
  File "/Users/paylakurusyan/Projects/Elixir-Peptide/Greetings-Bot/.venv/lib/python3.14/site-packages/aiogram/dispatcher/router.py", line 191, in _propagate_event
    response = await router.propagate_event(update_type=update_type, event=event, **kwargs)
               ^^^^^^^^^^^^^^^^^^^^^^^^^^^^^^^^^^^^^^^^^^^^^^^^^^^^^^^^^^^^^^^^^^^^^^^^^^^^
  File "/Users/paylakurusyan/Projects/Elixir-Peptide/Greetings-Bot/.venv/lib/python3.14/site-packages/aiogram/dispatcher/router.py", line 163, in propagate_event
    return await observer.wrap_outer_middleware(_wrapped, event=event, data=kwargs)
           ^^^^^^^^^^^^^^^^^^^^^^^^^^^^^^^^^^^^^^^^^^^^^^^^^^^^^^^^^^^^^^^^^^^^^^^^
  File "/Users/paylakurusyan/Projects/Elixir-Peptide/Greetings-Bot/.venv/lib/python3.14/site-packages/aiogram/dispatcher/router.py", line 155, in _wrapped
    return await self._propagate_event(
           ^^^^^^^^^^^^^^^^^^^^^^^^^^^^
    ...<4 lines>...
    )
    ^
  File "/Users/paylakurusyan/Projects/Elixir-Peptide/Greetings-Bot/.venv/lib/python3.14/site-packages/aiogram/dispatcher/router.py", line 183, in _propagate_event
    response = await observer.trigger(event, **kwargs)
               ^^^^^^^^^^^^^^^^^^^^^^^^^^^^^^^^^^^^^^^
  File "/Users/paylakurusyan/Projects/Elixir-Peptide/Greetings-Bot/.venv/lib/python3.14/site-packages/aiogram/dispatcher/event/telegram.py", line 126, in trigger
    return await wrapped_inner(event, kwargs)
           ^^^^^^^^^^^^^^^^^^^^^^^^^^^^^^^^^^
  File "/Users/paylakurusyan/Projects/Elixir-Peptide/Greetings-Bot/.venv/lib/python3.14/site-packages/aiogram/dispatcher/event/handler.py", line 71, in call
    return await wrapped()
           ^^^^^^^^^^^^^^^
  File "/Users/paylakurusyan/Projects/Elixir-Peptide/Greetings-Bot/src/bot/handlers/user.py", line 23, in chat_member_updated
    moderated_chat = await get_moderated_chat(chat.id)
                     ^^^^^^^^^^^^^^^^^^^^^^^^^^^^^^^^^
  File "/Users/paylakurusyan/Projects/Elixir-Peptide/Greetings-Bot/src/bot/services/questionnaire.py", line 27, in get_moderated_chat
    async with get_session() as session: return await get_chat_with_questions_and_answers(session, chat_id)
                                                ^^^^^^^^^^^^^^^^^^^^^^^^^^^^^^^^^^^^^^^^^^^^^^^^^^^^^^^^^^^
  File "/Users/paylakurusyan/Projects/Elixir-Peptide/Greetings-Bot/src/database/crud/chat.py", line 40, in get_chat_with_questions_and_answers
    result = await session.execute(
             ^^^^^^^^^^^^^^^^^^^^^^
    ...<4 lines>...
    )
    ^
  File "/Users/paylakurusyan/Projects/Elixir-Peptide/Greetings-Bot/.venv/lib/python3.14/site-packages/sqlalchemy/ext/asyncio/session.py", line 449, in execute
    result = await greenlet_spawn(
             ^^^^^^^^^^^^^^^^^^^^^
    ...<6 lines>...
    )
    ^
  File "/Users/paylakurusyan/Projects/Elixir-Peptide/Greetings-Bot/.venv/lib/python3.14/site-packages/sqlalchemy/util/_concurrency_py3k.py", line 201, in greenlet_spawn
    result = context.throw(*sys.exc_info())
  File "/Users/paylakurusyan/Projects/Elixir-Peptide/Greetings-Bot/.venv/lib/python3.14/site-packages/sqlalchemy/orm/session.py", line 2351, in execute
    return self._execute_internal(
           ~~~~~~~~~~~~~~~~~~~~~~^
        statement,
        ^^^^^^^^^^
    ...<4 lines>...
        _add_event=_add_event,
        ^^^^^^^^^^^^^^^^^^^^^^
    )
    ^
  File "/Users/paylakurusyan/Projects/Elixir-Peptide/Greetings-Bot/.venv/lib/python3.14/site-packages/sqlalchemy/orm/session.py", line 2249, in _execute_internal
    result: Result[Any] = compile_state_cls.orm_execute_statement(
                          ~~~~~~~~~~~~~~~~~~~~~~~~~~~~~~~~~~~~~~~^
        self,
        ^^^^^
    ...<4 lines>...
        conn,
        ^^^^^
    )
    ^
  File "/Users/paylakurusyan/Projects/Elixir-Peptide/Greetings-Bot/.venv/lib/python3.14/site-packages/sqlalchemy/orm/context.py", line 306, in orm_execute_statement
    result = conn.execute(
        statement, params or {}, execution_options=execution_options
    )
  File "/Users/paylakurusyan/Projects/Elixir-Peptide/Greetings-Bot/.venv/lib/python3.14/site-packages/sqlalchemy/engine/base.py", line 1419, in execute
    return meth(
        self,
        distilled_parameters,
        execution_options or NO_OPTIONS,
    )
  File "/Users/paylakurusyan/Projects/Elixir-Peptide/Greetings-Bot/.venv/lib/python3.14/site-packages/sqlalchemy/sql/elements.py", line 527, in _execute_on_connection
    return connection._execute_clauseelement(
           ~~~~~~~~~~~~~~~~~~~~~~~~~~~~~~~~~^
        self, distilled_params, execution_options
        ^^^^^^^^^^^^^^^^^^^^^^^^^^^^^^^^^^^^^^^^^
    )
    ^
  File "/Users/paylakurusyan/Projects/Elixir-Peptide/Greetings-Bot/.venv/lib/python3.14/site-packages/sqlalchemy/engine/base.py", line 1641, in _execute_clauseelement
    ret = self._execute_context(
        dialect,
    ...<8 lines>...
        cache_hit=cache_hit,
    )
  File "/Users/paylakurusyan/Projects/Elixir-Peptide/Greetings-Bot/.venv/lib/python3.14/site-packages/sqlalchemy/engine/base.py", line 1846, in _execute_context
    return self._exec_single_context(
           ~~~~~~~~~~~~~~~~~~~~~~~~~^
        dialect, context, statement, parameters
        ^^^^^^^^^^^^^^^^^^^^^^^^^^^^^^^^^^^^^^^
    )
    ^
  File "/Users/paylakurusyan/Projects/Elixir-Peptide/Greetings-Bot/.venv/lib/python3.14/site-packages/sqlalchemy/engine/base.py", line 1986, in _exec_single_context
    self._handle_dbapi_exception(
    ~~~~~~~~~~~~~~~~~~~~~~~~~~~~^
        e, str_statement, effective_parameters, cursor, context
        ^^^^^^^^^^^^^^^^^^^^^^^^^^^^^^^^^^^^^^^^^^^^^^^^^^^^^^^
    )
    ^
  File "/Users/paylakurusyan/Projects/Elixir-Peptide/Greetings-Bot/.venv/lib/python3.14/site-packages/sqlalchemy/engine/base.py", line 2363, in _handle_dbapi_exception
    raise sqlalchemy_exception.with_traceback(exc_info[2]) from e
  File "/Users/paylakurusyan/Projects/Elixir-Peptide/Greetings-Bot/.venv/lib/python3.14/site-packages/sqlalchemy/engine/base.py", line 1967, in _exec_single_context
    self.dialect.do_execute(
    ~~~~~~~~~~~~~~~~~~~~~~~^
        cursor, str_statement, effective_parameters, context
        ^^^^^^^^^^^^^^^^^^^^^^^^^^^^^^^^^^^^^^^^^^^^^^^^^^^^
    )
    ^
  File "/Users/paylakurusyan/Projects/Elixir-Peptide/Greetings-Bot/.venv/lib/python3.14/site-packages/sqlalchemy/engine/default.py", line 952, in do_execute
    cursor.execute(statement, parameters)
    ~~~~~~~~~~~~~~^^^^^^^^^^^^^^^^^^^^^^^
  File "/Users/paylakurusyan/Projects/Elixir-Peptide/Greetings-Bot/.venv/lib/python3.14/site-packages/sqlalchemy/dialects/postgresql/asyncpg.py", line 585, in execute
    self._adapt_connection.await_(
    ~~~~~~~~~~~~~~~~~~~~~~~~~~~~~^
        self._prepare_and_execute(operation, parameters)
        ^^^^^^^^^^^^^^^^^^^^^^^^^^^^^^^^^^^^^^^^^^^^^^^^
    )
    ^
  File "/Users/paylakurusyan/Projects/Elixir-Peptide/Greetings-Bot/.venv/lib/python3.14/site-packages/sqlalchemy/util/_concurrency_py3k.py", line 132, in await_only
    return current.parent.switch(awaitable)  # type: ignore[no-any-return,attr-defined] # noqa: E501
           ~~~~~~~~~~~~~~~~~~~~~^^^^^^^^^^^
  File "/Users/paylakurusyan/Projects/Elixir-Peptide/Greetings-Bot/.venv/lib/python3.14/site-packages/sqlalchemy/util/_concurrency_py3k.py", line 196, in greenlet_spawn
    value = await result
            ^^^^^^^^^^^^
  File "/Users/paylakurusyan/Projects/Elixir-Peptide/Greetings-Bot/.venv/lib/python3.14/site-packages/sqlalchemy/dialects/postgresql/asyncpg.py", line 563, in _prepare_and_execute
    self._handle_exception(error)
    ~~~~~~~~~~~~~~~~~~~~~~^^^^^^^
  File "/Users/paylakurusyan/Projects/Elixir-Peptide/Greetings-Bot/.venv/lib/python3.14/site-packages/sqlalchemy/dialects/postgresql/asyncpg.py", line 513, in _handle_exception
    self._adapt_connection._handle_exception(error)
    ~~~~~~~~~~~~~~~~~~~~~~~~~~~~~~~~~~~~~~~~^^^^^^^
  File "/Users/paylakurusyan/Projects/Elixir-Peptide/Greetings-Bot/.venv/lib/python3.14/site-packages/sqlalchemy/dialects/postgresql/asyncpg.py", line 797, in _handle_exception
    raise translated_error from error
sqlalchemy.exc.ProgrammingError: (sqlalchemy.dialects.postgresql.asyncpg.ProgrammingError) <class 'asyncpg.exceptions.UndefinedTableError'>: relation "moderated_chats" does not exist
[SQL: SELECT moderated_chats.id, moderated_chats.greetings_text, moderated_chats.created_at, moderated_chats.updated_at 
FROM moderated_chats 
WHERE moderated_chats.id = $1::BIGINT]
[parameters: (-1003930531963,)]
(Background on this error at: https://sqlalche.me/e/20/f405)
2026-04-16 15:22:24 [INFO] aiogram.event: Update id=463919809 is not handled. Duration 0 ms by bot id=8496287141
2026-04-16 15:24:40 [INFO] aiogram.event: Update id=463919810 is not handled. Duration 0 ms by bot id=8496287141
2026-04-16 15:24:40 [INFO] aiogram.event: Update id=463919811 is not handled. Duration 0 ms by bot id=8496287141
2026-04-16 15:24:46 [INFO] aiogram.event: Update id=463919812 is handled. Duration 10 ms by bot id=8496287141
2026-04-16 15:24:46 [INFO] aiogram.event: Update id=463919813 is not handled. Duration 0 ms by bot id=8496287141
2026-04-16 15:25:26 [INFO] aiogram.event: Update id=463919814 is not handled. Duration 0 ms by bot id=8496287141
2026-04-16 15:25:26 [INFO] aiogram.event: Update id=463919815 is not handled. Duration 0 ms by bot id=8496287141
2026-04-16 15:25:38 [INFO] aiogram.event: Update id=463919816 is handled. Duration 31 ms by bot id=8496287141
2026-04-16 15:25:38 [INFO] aiogram.event: Update id=463919817 is not handled. Duration 0 ms by bot id=8496287141
2026-04-16 15:25:50 [INFO] aiogram.event: Update id=463919818 is not handled. Duration 0 ms by bot id=8496287141
2026-04-16 15:59:50 [INFO] aiogram.event: Update id=463919819 is handled. Duration 0 ms by bot id=8496287141
2026-04-16 15:59:50 [INFO] aiogram.event: Update id=463919820 is not handled. Duration 1 ms by bot id=8496287141
2026-04-16 16:00:06 [INFO] aiogram.event: Update id=463919822 is not handled. Duration 2 ms by bot id=8496287141
2026-04-16 16:00:07 [INFO] aiogram.event: Update id=463919821 is handled. Duration 523 ms by bot id=8496287141
2026-04-16 16:00:13 [INFO] aiogram.event: Update id=463919823 is handled. Duration 639 ms by bot id=8496287141
2026-04-16 16:00:31 [INFO] aiogram.event: Update id=463919824 is handled. Duration 0 ms by bot id=8496287141
2026-04-16 16:00:36 [INFO] aiogram.event: Update id=463919825 is handled. Duration 1907 ms by bot id=8496287141
2026-04-17 17:26:55 [INFO] aiogram.event: Update id=463919826 is handled. Duration 951 ms by bot id=8496287141
2026-04-17 17:27:15 [INFO] aiogram.event: Update id=463919827 is handled. Duration 441 ms by bot id=8496287141
2026-04-17 17:28:00 [INFO] aiogram.event: Update id=463919828 is handled. Duration 428 ms by bot id=8496287141
2026-04-17 17:28:26 [INFO] aiogram.event: Update id=463919829 is handled. Duration 441 ms by bot id=8496287141
2026-04-17 17:28:31 [INFO] aiogram.event: Update id=463919830 is handled. Duration 437 ms by bot id=8496287141
2026-04-17 17:28:45 [INFO] aiogram.event: Update id=463919832 is not handled. Duration 1 ms by bot id=8496287141
2026-04-17 17:28:45 [INFO] aiogram.event: Update id=463919831 is not handled. Duration 209 ms by bot id=8496287141
2026-04-17 17:28:45 [ERROR] aiogram.event: Cause exception while process update id=463919831 by bot id=8496287141
DBAPIError: (sqlalchemy.dialects.postgresql.asyncpg.Error) <class 'asyncpg.exceptions.StringDataRightTruncationError'>: value too long for type character varying(100)
[SQL: INSERT INTO poll_answers (question_id, text) VALUES ($1::BIGINT, $2::VARCHAR) RETURNING poll_answers.id, poll_answers.created_at, poll_answers.updated_at]
[parameters: (1, 'Мг — это вес (сухого пептида в виале или доза пептида), а мл - это объем (воды для разведения или раствора с пептидом).')]
(Background on this error at: https://sqlalche.me/e/20/dbapi)
Traceback (most recent call last):
  File "/Users/paylakurusyan/Projects/Elixir-Peptide/Greetings-Bot/.venv/lib/python3.14/site-packages/sqlalchemy/dialects/postgresql/asyncpg.py", line 550, in _prepare_and_execute
    self._rows = deque(await prepared_stmt.fetch(*parameters))
                       ^^^^^^^^^^^^^^^^^^^^^^^^^^^^^^^^^^^^^^
  File "/Users/paylakurusyan/Projects/Elixir-Peptide/Greetings-Bot/.venv/lib/python3.14/site-packages/asyncpg/prepared_stmt.py", line 177, in fetch
    data = await self.__bind_execute(args, 0, timeout)
           ^^^^^^^^^^^^^^^^^^^^^^^^^^^^^^^^^^^^^^^^^^^
  File "/Users/paylakurusyan/Projects/Elixir-Peptide/Greetings-Bot/.venv/lib/python3.14/site-packages/asyncpg/prepared_stmt.py", line 268, in __bind_execute
    data, status, _ = await self.__do_execute(
                      ^^^^^^^^^^^^^^^^^^^^^^^^
        lambda protocol: protocol.bind_execute(
        ^^^^^^^^^^^^^^^^^^^^^^^^^^^^^^^^^^^^^^^
            self._state, args, '', limit, True, timeout))
            ^^^^^^^^^^^^^^^^^^^^^^^^^^^^^^^^^^^^^^^^^^^^^
  File "/Users/paylakurusyan/Projects/Elixir-Peptide/Greetings-Bot/.venv/lib/python3.14/site-packages/asyncpg/prepared_stmt.py", line 257, in __do_execute
    return await executor(protocol)
           ^^^^^^^^^^^^^^^^^^^^^^^^
  File "asyncpg/protocol/protocol.pyx", line 205, in bind_execute
asyncpg.exceptions.StringDataRightTruncationError: value too long for type character varying(100)

The above exception was the direct cause of the following exception:

Traceback (most recent call last):
  File "/Users/paylakurusyan/Projects/Elixir-Peptide/Greetings-Bot/.venv/lib/python3.14/site-packages/sqlalchemy/engine/base.py", line 1967, in _exec_single_context
    self.dialect.do_execute(
    ~~~~~~~~~~~~~~~~~~~~~~~^
        cursor, str_statement, effective_parameters, context
        ^^^^^^^^^^^^^^^^^^^^^^^^^^^^^^^^^^^^^^^^^^^^^^^^^^^^
    )
    ^
  File "/Users/paylakurusyan/Projects/Elixir-Peptide/Greetings-Bot/.venv/lib/python3.14/site-packages/sqlalchemy/engine/default.py", line 952, in do_execute
    cursor.execute(statement, parameters)
    ~~~~~~~~~~~~~~^^^^^^^^^^^^^^^^^^^^^^^
  File "/Users/paylakurusyan/Projects/Elixir-Peptide/Greetings-Bot/.venv/lib/python3.14/site-packages/sqlalchemy/dialects/postgresql/asyncpg.py", line 585, in execute
    self._adapt_connection.await_(
    ~~~~~~~~~~~~~~~~~~~~~~~~~~~~~^
        self._prepare_and_execute(operation, parameters)
        ^^^^^^^^^^^^^^^^^^^^^^^^^^^^^^^^^^^^^^^^^^^^^^^^
    )
    ^
  File "/Users/paylakurusyan/Projects/Elixir-Peptide/Greetings-Bot/.venv/lib/python3.14/site-packages/sqlalchemy/util/_concurrency_py3k.py", line 132, in await_only
    return current.parent.switch(awaitable)  # type: ignore[no-any-return,attr-defined] # noqa: E501
           ~~~~~~~~~~~~~~~~~~~~~^^^^^^^^^^^
  File "/Users/paylakurusyan/Projects/Elixir-Peptide/Greetings-Bot/.venv/lib/python3.14/site-packages/sqlalchemy/util/_concurrency_py3k.py", line 196, in greenlet_spawn
    value = await result
            ^^^^^^^^^^^^
  File "/Users/paylakurusyan/Projects/Elixir-Peptide/Greetings-Bot/.venv/lib/python3.14/site-packages/sqlalchemy/dialects/postgresql/asyncpg.py", line 563, in _prepare_and_execute
    self._handle_exception(error)
    ~~~~~~~~~~~~~~~~~~~~~~^^^^^^^
  File "/Users/paylakurusyan/Projects/Elixir-Peptide/Greetings-Bot/.venv/lib/python3.14/site-packages/sqlalchemy/dialects/postgresql/asyncpg.py", line 513, in _handle_exception
    self._adapt_connection._handle_exception(error)
    ~~~~~~~~~~~~~~~~~~~~~~~~~~~~~~~~~~~~~~~~^^^^^^^
  File "/Users/paylakurusyan/Projects/Elixir-Peptide/Greetings-Bot/.venv/lib/python3.14/site-packages/sqlalchemy/dialects/postgresql/asyncpg.py", line 797, in _handle_exception
    raise translated_error from error
sqlalchemy.dialects.postgresql.asyncpg.AsyncAdapt_asyncpg_dbapi.Error: <class 'asyncpg.exceptions.StringDataRightTruncationError'>: value too long for type character varying(100)

The above exception was the direct cause of the following exception:

Traceback (most recent call last):
  File "/Users/paylakurusyan/Projects/Elixir-Peptide/Greetings-Bot/.venv/lib/python3.14/site-packages/aiogram/dispatcher/dispatcher.py", line 320, in _process_update
    response = await self.feed_update(bot, update, **kwargs)
               ^^^^^^^^^^^^^^^^^^^^^^^^^^^^^^^^^^^^^^^^^^^^^
  File "/Users/paylakurusyan/Projects/Elixir-Peptide/Greetings-Bot/.venv/lib/python3.14/site-packages/aiogram/dispatcher/dispatcher.py", line 164, in feed_update
    response = await self.update.wrap_outer_middleware(
               ^^^^^^^^^^^^^^^^^^^^^^^^^^^^^^^^^^^^^^^^
    ...<7 lines>...
    )
    ^
  File "/Users/paylakurusyan/Projects/Elixir-Peptide/Greetings-Bot/.venv/lib/python3.14/site-packages/aiogram/dispatcher/middlewares/error.py", line 27, in __call__
    return await handler(event, data)
           ^^^^^^^^^^^^^^^^^^^^^^^^^^
  File "/Users/paylakurusyan/Projects/Elixir-Peptide/Greetings-Bot/.venv/lib/python3.14/site-packages/aiogram/dispatcher/middlewares/user_context.py", line 58, in __call__
    return await handler(event, data)
           ^^^^^^^^^^^^^^^^^^^^^^^^^^
  File "/Users/paylakurusyan/Projects/Elixir-Peptide/Greetings-Bot/.venv/lib/python3.14/site-packages/aiogram/fsm/middleware.py", line 43, in __call__
    return await handler(event, data)
           ^^^^^^^^^^^^^^^^^^^^^^^^^^
  File "/Users/paylakurusyan/Projects/Elixir-Peptide/Greetings-Bot/.venv/lib/python3.14/site-packages/aiogram/dispatcher/event/telegram.py", line 126, in trigger
    return await wrapped_inner(event, kwargs)
           ^^^^^^^^^^^^^^^^^^^^^^^^^^^^^^^^^^
  File "/Users/paylakurusyan/Projects/Elixir-Peptide/Greetings-Bot/.venv/lib/python3.14/site-packages/aiogram/dispatcher/event/handler.py", line 71, in call
    return await wrapped()
           ^^^^^^^^^^^^^^^
  File "/Users/paylakurusyan/Projects/Elixir-Peptide/Greetings-Bot/.venv/lib/python3.14/site-packages/aiogram/dispatcher/dispatcher.py", line 283, in _listen_update
    return await self.propagate_event(update_type=update_type, event=event, **kwargs)
           ^^^^^^^^^^^^^^^^^^^^^^^^^^^^^^^^^^^^^^^^^^^^^^^^^^^^^^^^^^^^^^^^^^^^^^^^^^
  File "/Users/paylakurusyan/Projects/Elixir-Peptide/Greetings-Bot/.venv/lib/python3.14/site-packages/aiogram/dispatcher/router.py", line 163, in propagate_event
    return await observer.wrap_outer_middleware(_wrapped, event=event, data=kwargs)
           ^^^^^^^^^^^^^^^^^^^^^^^^^^^^^^^^^^^^^^^^^^^^^^^^^^^^^^^^^^^^^^^^^^^^^^^^
  File "/Users/paylakurusyan/Projects/Elixir-Peptide/Greetings-Bot/.venv/lib/python3.14/site-packages/aiogram/dispatcher/router.py", line 155, in _wrapped
    return await self._propagate_event(
           ^^^^^^^^^^^^^^^^^^^^^^^^^^^^
    ...<4 lines>...
    )
    ^
  File "/Users/paylakurusyan/Projects/Elixir-Peptide/Greetings-Bot/.venv/lib/python3.14/site-packages/aiogram/dispatcher/router.py", line 191, in _propagate_event
    response = await router.propagate_event(update_type=update_type, event=event, **kwargs)
               ^^^^^^^^^^^^^^^^^^^^^^^^^^^^^^^^^^^^^^^^^^^^^^^^^^^^^^^^^^^^^^^^^^^^^^^^^^^^
  File "/Users/paylakurusyan/Projects/Elixir-Peptide/Greetings-Bot/.venv/lib/python3.14/site-packages/aiogram/dispatcher/router.py", line 163, in propagate_event
    return await observer.wrap_outer_middleware(_wrapped, event=event, data=kwargs)
           ^^^^^^^^^^^^^^^^^^^^^^^^^^^^^^^^^^^^^^^^^^^^^^^^^^^^^^^^^^^^^^^^^^^^^^^^
  File "/Users/paylakurusyan/Projects/Elixir-Peptide/Greetings-Bot/.venv/lib/python3.14/site-packages/aiogram/dispatcher/router.py", line 155, in _wrapped
    return await self._propagate_event(
           ^^^^^^^^^^^^^^^^^^^^^^^^^^^^
    ...<4 lines>...
    )
    ^
  File "/Users/paylakurusyan/Projects/Elixir-Peptide/Greetings-Bot/.venv/lib/python3.14/site-packages/aiogram/dispatcher/router.py", line 183, in _propagate_event
    response = await observer.trigger(event, **kwargs)
               ^^^^^^^^^^^^^^^^^^^^^^^^^^^^^^^^^^^^^^^
  File "/Users/paylakurusyan/Projects/Elixir-Peptide/Greetings-Bot/.venv/lib/python3.14/site-packages/aiogram/dispatcher/event/telegram.py", line 126, in trigger
    return await wrapped_inner(event, kwargs)
           ^^^^^^^^^^^^^^^^^^^^^^^^^^^^^^^^^^
  File "/Users/paylakurusyan/Projects/Elixir-Peptide/Greetings-Bot/.venv/lib/python3.14/site-packages/aiogram/dispatcher/event/handler.py", line 71, in call
    return await wrapped()
           ^^^^^^^^^^^^^^^
  File "/Users/paylakurusyan/Projects/Elixir-Peptide/Greetings-Bot/src/bot/handlers/admin.py", line 87, in receive_greeting_text
    chat = await finalize_chat_configuration(bot, message.chat.id, greeting_text, deserialize_questions(data["questions"]))
           ^^^^^^^^^^^^^^^^^^^^^^^^^^^^^^^^^^^^^^^^^^^^^^^^^^^^^^^^^^^^^^^^^^^^^^^^^^^^^^^^^^^^^^^^^^^^^^^^^^^^^^^^^^^^^^^^
  File "/Users/paylakurusyan/Projects/Elixir-Peptide/Greetings-Bot/src/bot/services/configuration.py", line 99, in finalize_chat_configuration
    await session.flush()
  File "/Users/paylakurusyan/Projects/Elixir-Peptide/Greetings-Bot/.venv/lib/python3.14/site-packages/sqlalchemy/ext/asyncio/session.py", line 787, in flush
    await greenlet_spawn(self.sync_session.flush, objects=objects)
  File "/Users/paylakurusyan/Projects/Elixir-Peptide/Greetings-Bot/.venv/lib/python3.14/site-packages/sqlalchemy/util/_concurrency_py3k.py", line 203, in greenlet_spawn
    result = context.switch(value)
  File "/Users/paylakurusyan/Projects/Elixir-Peptide/Greetings-Bot/.venv/lib/python3.14/site-packages/sqlalchemy/orm/session.py", line 4331, in flush
    self._flush(objects)
    ~~~~~~~~~~~^^^^^^^^^
  File "/Users/paylakurusyan/Projects/Elixir-Peptide/Greetings-Bot/.venv/lib/python3.14/site-packages/sqlalchemy/orm/session.py", line 4466, in _flush
    with util.safe_reraise():
         ~~~~~~~~~~~~~~~~~^^
  File "/Users/paylakurusyan/Projects/Elixir-Peptide/Greetings-Bot/.venv/lib/python3.14/site-packages/sqlalchemy/util/langhelpers.py", line 224, in __exit__
    raise exc_value.with_traceback(exc_tb)
  File "/Users/paylakurusyan/Projects/Elixir-Peptide/Greetings-Bot/.venv/lib/python3.14/site-packages/sqlalchemy/orm/session.py", line 4427, in _flush
    flush_context.execute()
    ~~~~~~~~~~~~~~~~~~~~~^^
  File "/Users/paylakurusyan/Projects/Elixir-Peptide/Greetings-Bot/.venv/lib/python3.14/site-packages/sqlalchemy/orm/unitofwork.py", line 466, in execute
    rec.execute(self)
    ~~~~~~~~~~~^^^^^^
  File "/Users/paylakurusyan/Projects/Elixir-Peptide/Greetings-Bot/.venv/lib/python3.14/site-packages/sqlalchemy/orm/unitofwork.py", line 642, in execute
    util.preloaded.orm_persistence.save_obj(
    ~~~~~~~~~~~~~~~~~~~~~~~~~~~~~~~~~~~~~~~^
        self.mapper,
        ^^^^^^^^^^^^
        uow.states_for_mapper_hierarchy(self.mapper, False, False),
        ^^^^^^^^^^^^^^^^^^^^^^^^^^^^^^^^^^^^^^^^^^^^^^^^^^^^^^^^^^^
        uow,
        ^^^^
    )
    ^
  File "/Users/paylakurusyan/Projects/Elixir-Peptide/Greetings-Bot/.venv/lib/python3.14/site-packages/sqlalchemy/orm/persistence.py", line 93, in save_obj
    _emit_insert_statements(
    ~~~~~~~~~~~~~~~~~~~~~~~^
        base_mapper,
        ^^^^^^^^^^^^
    ...<3 lines>...
        insert,
        ^^^^^^^
    )
    ^
  File "/Users/paylakurusyan/Projects/Elixir-Peptide/Greetings-Bot/.venv/lib/python3.14/site-packages/sqlalchemy/orm/persistence.py", line 1233, in _emit_insert_statements
    result = connection.execute(
        statement,
        params,
        execution_options=execution_options,
    )
  File "/Users/paylakurusyan/Projects/Elixir-Peptide/Greetings-Bot/.venv/lib/python3.14/site-packages/sqlalchemy/engine/base.py", line 1419, in execute
    return meth(
        self,
        distilled_parameters,
        execution_options or NO_OPTIONS,
    )
  File "/Users/paylakurusyan/Projects/Elixir-Peptide/Greetings-Bot/.venv/lib/python3.14/site-packages/sqlalchemy/sql/elements.py", line 527, in _execute_on_connection
    return connection._execute_clauseelement(
           ~~~~~~~~~~~~~~~~~~~~~~~~~~~~~~~~~^
        self, distilled_params, execution_options
        ^^^^^^^^^^^^^^^^^^^^^^^^^^^^^^^^^^^^^^^^^
    )
    ^
  File "/Users/paylakurusyan/Projects/Elixir-Peptide/Greetings-Bot/.venv/lib/python3.14/site-packages/sqlalchemy/engine/base.py", line 1641, in _execute_clauseelement
    ret = self._execute_context(
        dialect,
    ...<8 lines>...
        cache_hit=cache_hit,
    )
  File "/Users/paylakurusyan/Projects/Elixir-Peptide/Greetings-Bot/.venv/lib/python3.14/site-packages/sqlalchemy/engine/base.py", line 1846, in _execute_context
    return self._exec_single_context(
           ~~~~~~~~~~~~~~~~~~~~~~~~~^
        dialect, context, statement, parameters
        ^^^^^^^^^^^^^^^^^^^^^^^^^^^^^^^^^^^^^^^
    )
    ^
  File "/Users/paylakurusyan/Projects/Elixir-Peptide/Greetings-Bot/.venv/lib/python3.14/site-packages/sqlalchemy/engine/base.py", line 1986, in _exec_single_context
    self._handle_dbapi_exception(
    ~~~~~~~~~~~~~~~~~~~~~~~~~~~~^
        e, str_statement, effective_parameters, cursor, context
        ^^^^^^^^^^^^^^^^^^^^^^^^^^^^^^^^^^^^^^^^^^^^^^^^^^^^^^^
    )
    ^
  File "/Users/paylakurusyan/Projects/Elixir-Peptide/Greetings-Bot/.venv/lib/python3.14/site-packages/sqlalchemy/engine/base.py", line 2363, in _handle_dbapi_exception
    raise sqlalchemy_exception.with_traceback(exc_info[2]) from e
  File "/Users/paylakurusyan/Projects/Elixir-Peptide/Greetings-Bot/.venv/lib/python3.14/site-packages/sqlalchemy/engine/base.py", line 1967, in _exec_single_context
    self.dialect.do_execute(
    ~~~~~~~~~~~~~~~~~~~~~~~^
        cursor, str_statement, effective_parameters, context
        ^^^^^^^^^^^^^^^^^^^^^^^^^^^^^^^^^^^^^^^^^^^^^^^^^^^^
    )
    ^
  File "/Users/paylakurusyan/Projects/Elixir-Peptide/Greetings-Bot/.venv/lib/python3.14/site-packages/sqlalchemy/engine/default.py", line 952, in do_execute
    cursor.execute(statement, parameters)
    ~~~~~~~~~~~~~~^^^^^^^^^^^^^^^^^^^^^^^
  File "/Users/paylakurusyan/Projects/Elixir-Peptide/Greetings-Bot/.venv/lib/python3.14/site-packages/sqlalchemy/dialects/postgresql/asyncpg.py", line 585, in execute
    self._adapt_connection.await_(
    ~~~~~~~~~~~~~~~~~~~~~~~~~~~~~^
        self._prepare_and_execute(operation, parameters)
        ^^^^^^^^^^^^^^^^^^^^^^^^^^^^^^^^^^^^^^^^^^^^^^^^
    )
    ^
  File "/Users/paylakurusyan/Projects/Elixir-Peptide/Greetings-Bot/.venv/lib/python3.14/site-packages/sqlalchemy/util/_concurrency_py3k.py", line 132, in await_only
    return current.parent.switch(awaitable)  # type: ignore[no-any-return,attr-defined] # noqa: E501
           ~~~~~~~~~~~~~~~~~~~~~^^^^^^^^^^^
  File "/Users/paylakurusyan/Projects/Elixir-Peptide/Greetings-Bot/.venv/lib/python3.14/site-packages/sqlalchemy/util/_concurrency_py3k.py", line 196, in greenlet_spawn
    value = await result
            ^^^^^^^^^^^^
  File "/Users/paylakurusyan/Projects/Elixir-Peptide/Greetings-Bot/.venv/lib/python3.14/site-packages/sqlalchemy/dialects/postgresql/asyncpg.py", line 563, in _prepare_and_execute
    self._handle_exception(error)
    ~~~~~~~~~~~~~~~~~~~~~~^^^^^^^
  File "/Users/paylakurusyan/Projects/Elixir-Peptide/Greetings-Bot/.venv/lib/python3.14/site-packages/sqlalchemy/dialects/postgresql/asyncpg.py", line 513, in _handle_exception
    self._adapt_connection._handle_exception(error)
    ~~~~~~~~~~~~~~~~~~~~~~~~~~~~~~~~~~~~~~~~^^^^^^^
  File "/Users/paylakurusyan/Projects/Elixir-Peptide/Greetings-Bot/.venv/lib/python3.14/site-packages/sqlalchemy/dialects/postgresql/asyncpg.py", line 797, in _handle_exception
    raise translated_error from error
sqlalchemy.exc.DBAPIError: (sqlalchemy.dialects.postgresql.asyncpg.Error) <class 'asyncpg.exceptions.StringDataRightTruncationError'>: value too long for type character varying(100)
[SQL: INSERT INTO poll_answers (question_id, text) VALUES ($1::BIGINT, $2::VARCHAR) RETURNING poll_answers.id, poll_answers.created_at, poll_answers.updated_at]
[parameters: (1, 'Мг — это вес (сухого пептида в виале или доза пептида), а мл - это объем (воды для разведения или раствора с пептидом).')]
(Background on this error at: https://sqlalche.me/e/20/dbapi)
2026-04-17 17:33:22 [INFO] aiogram.event: Update id=463919833 is handled. Duration 605 ms by bot id=8496287141
2026-04-17 17:33:25 [INFO] aiogram.event: Update id=463919834 is handled. Duration 424 ms by bot id=8496287141
2026-04-17 17:33:28 [INFO] aiogram.event: Update id=463919836 is not handled. Duration 2 ms by bot id=8496287141
2026-04-17 17:33:28 [INFO] aiogram.event: Update id=463919835 is handled. Duration 374 ms by bot id=8496287141
2026-04-17 17:33:44 [INFO] aiogram.event: Update id=463919837 is not handled. Duration 0 ms by bot id=8496287141
2026-04-17 17:33:44 [INFO] aiogram.event: Update id=463919838 is not handled. Duration 1 ms by bot id=8496287141
2026-04-17 17:33:52 [INFO] aiogram.event: Update id=463919840 is not handled. Duration 1 ms by bot id=8496287141
2026-04-17 17:33:52 [INFO] aiogram.event: Update id=463919841 is not handled. Duration 0 ms by bot id=8496287141
2026-04-17 17:33:52 [INFO] aiogram.event: Update id=463919839 is handled. Duration 561 ms by bot id=8496287141
2026-04-17 17:34:53 [INFO] aiogram.event: Update id=463919842 is handled. Duration 333 ms by bot id=8496287141
2026-04-17 17:38:52 [INFO] aiogram.event: Update id=463919843 is handled. Duration 340 ms by bot id=8496287141
2026-04-17 17:39:30 [INFO] aiogram.event: Update id=463919844 is not handled. Duration 0 ms by bot id=8496287141
2026-04-17 17:39:30 [INFO] aiogram.event: Update id=463919845 is not handled. Duration 1 ms by bot id=8496287141
2026-04-17 17:39:34 [INFO] aiogram.event: Update id=463919847 is not handled. Duration 1 ms by bot id=8496287141
2026-04-17 17:39:34 [INFO] aiogram.event: Update id=463919848 is not handled. Duration 0 ms by bot id=8496287141
2026-04-17 17:39:35 [INFO] aiogram.event: Update id=463919846 is handled. Duration 1103 ms by bot id=8496287141
2026-04-17 17:43:43 [INFO] aiogram.event: Update id=463919849 is handled. Duration 635 ms by bot id=8496287141
2026-04-17 17:43:51 [INFO] aiogram.event: Update id=463919850 is handled. Duration 585 ms by bot id=8496287141
2026-04-17 17:44:00 [INFO] aiogram.event: Update id=463919851 is handled. Duration 430 ms by bot id=8496287141
2026-04-17 17:44:05 [INFO] aiogram.event: Update id=463919852 is handled. Duration 202 ms by bot id=8496287141
2026-04-17 17:50:35 [INFO] aiogram.event: Update id=463919853 is not handled. Duration 0 ms by bot id=8496287141
2026-04-17 17:50:35 [INFO] aiogram.event: Update id=463919854 is not handled. Duration 1 ms by bot id=8496287141
2026-04-17 17:50:44 [INFO] aiogram.event: Update id=463919856 is not handled. Duration 1 ms by bot id=8496287141
2026-04-17 17:50:44 [INFO] aiogram.event: Update id=463919857 is not handled. Duration 0 ms by bot id=8496287141
2026-04-17 17:50:45 [INFO] aiogram.event: Update id=463919855 is handled. Duration 978 ms by bot id=8496287141
2026-04-17 17:50:53 [INFO] aiogram.event: Update id=463919858 is handled. Duration 340 ms by bot id=8496287141
2026-04-17 17:57:28 [INFO] aiogram.event: Update id=463919859 is not handled. Duration 1 ms by bot id=8496287141
2026-04-17 17:57:28 [INFO] aiogram.event: Update id=463919860 is not handled. Duration 2 ms by bot id=8496287141
2026-04-17 17:58:05 [INFO] aiogram.event: Update id=463919862 is not handled. Duration 1 ms by bot id=8496287141
2026-04-17 17:58:05 [INFO] aiogram.event: Update id=463919863 is not handled. Duration 0 ms by bot id=8496287141
2026-04-17 17:58:06 [INFO] aiogram.event: Update id=463919861 is handled. Duration 696 ms by bot id=8496287141
2026-04-17 18:06:02 [INFO] aiogram.event: Update id=463919864 is not handled. Duration 0 ms by bot id=8496287141
2026-04-17 18:06:02 [INFO] aiogram.event: Update id=463919865 is not handled. Duration 1 ms by bot id=8496287141
2026-04-17 18:06:11 [INFO] aiogram.event: Update id=463919867 is not handled. Duration 1 ms by bot id=8496287141
2026-04-17 18:06:11 [INFO] aiogram.event: Update id=463919868 is not handled. Duration 0 ms by bot id=8496287141
2026-04-17 18:06:12 [INFO] aiogram.event: Update id=463919866 is handled. Duration 709 ms by bot id=8496287141
2026-04-17 18:06:19 [INFO] aiogram.event: Update id=463919869 is not handled. Duration 0 ms by bot id=8496287141
2026-04-17 18:06:19 [INFO] aiogram.event: Update id=463919870 is not handled. Duration 1 ms by bot id=8496287141
2026-04-17 18:06:42 [INFO] aiogram.event: Update id=463919872 is not handled. Duration 1 ms by bot id=8496287141
2026-04-17 18:06:42 [INFO] aiogram.event: Update id=463919873 is not handled. Duration 0 ms by bot id=8496287141
2026-04-17 18:06:42 [INFO] aiogram.event: Update id=463919871 is handled. Duration 1012 ms by bot id=8496287141
2026-04-17 18:06:48 [INFO] aiogram.event: Update id=463919874 is handled. Duration 343 ms by bot id=8496287141
2026-04-17 18:06:53 [INFO] aiogram.event: Update id=463919875 is handled. Duration 345 ms by bot id=8496287141
2026-04-17 18:07:18 [INFO] aiogram.event: Update id=463919876 is not handled. Duration 0 ms by bot id=8496287141
2026-04-17 18:07:18 [INFO] aiogram.event: Update id=463919877 is not handled. Duration 1 ms by bot id=8496287141
2026-04-17 18:07:24 [INFO] aiogram.event: Update id=463919879 is not handled. Duration 0 ms by bot id=8496287141
2026-04-17 18:07:25 [INFO] aiogram.event: Update id=463919880 is not handled. Duration 0 ms by bot id=8496287141
2026-04-17 18:07:25 [INFO] aiogram.event: Update id=463919878 is handled. Duration 1196 ms by bot id=8496287141
2026-04-17 18:07:40 [INFO] aiogram.event: Update id=463919881 is handled. Duration 471 ms by bot id=8496287141
2026-04-17 18:15:08 [INFO] aiogram.event: Update id=463919882 is not handled. Duration 1 ms by bot id=8496287141
2026-04-17 18:15:08 [INFO] aiogram.event: Update id=463919883 is not handled. Duration 1 ms by bot id=8496287141
2026-04-17 18:18:02 [INFO] aiogram.event: Update id=463919885 is not handled. Duration 0 ms by bot id=8496287141
2026-04-17 18:18:02 [INFO] aiogram.event: Update id=463919886 is not handled. Duration 0 ms by bot id=8496287141
2026-04-17 18:18:03 [INFO] aiogram.event: Update id=463919884 is handled. Duration 1115 ms by bot id=8496287141
2026-04-17 18:18:08 [INFO] aiogram.event: Update id=463919887 is handled. Duration 491 ms by bot id=8496287141
2026-04-17 18:20:32 [INFO] aiogram.event: Update id=463919888 is not handled. Duration 0 ms by bot id=8496287141
2026-04-17 18:20:33 [INFO] aiogram.event: Update id=463919889 is not handled. Duration 1 ms by bot id=8496287141
2026-04-17 18:20:47 [INFO] aiogram.event: Update id=463919891 is not handled. Duration 1 ms by bot id=8496287141
2026-04-17 18:20:47 [INFO] aiogram.event: Update id=463919892 is not handled. Duration 0 ms by bot id=8496287141
2026-04-17 18:20:48 [INFO] aiogram.event: Update id=463919890 is handled. Duration 1129 ms by bot id=8496287141
2026-04-17 18:20:52 [INFO] aiogram.event: Update id=463919893 is handled. Duration 313 ms by bot id=8496287141
2026-04-17 18:20:59 [INFO] aiogram.event: Update id=463919894 is handled. Duration 311 ms by bot id=8496287141
2026-04-17 18:21:11 [INFO] aiogram.event: Update id=463919895 is handled. Duration 293 ms by bot id=8496287141
2026-04-17 18:21:16 [INFO] aiogram.event: Update id=463919896 is handled. Duration 309 ms by bot id=8496287141
2026-04-17 18:21:18 [INFO] aiogram.event: Update id=463919897 is handled. Duration 302 ms by bot id=8496287141
2026-04-17 18:21:22 [INFO] aiogram.event: Update id=463919898 is handled. Duration 301 ms by bot id=8496287141
2026-04-17 18:21:49 [INFO] aiogram.event: Update id=463919899 is handled. Duration 1454 ms by bot id=8496287141
