2026-04-16 15:17:00 [INFO] aiogram.dispatcher: Start polling
2026-04-16 15:17:00 [INFO] aiogram.dispatcher: Run polling for bot @elixirtestsbot id=8496287141 - 'Тесты Эликсир'
2026-04-16 15:19:28 [WARNING] aiogram.dispatcher: Received SIGINT signal
2026-04-16 15:19:28 [INFO] aiogram.dispatcher: Polling stopped for bot @elixirtestsbot id=8496287141 - 'Тесты Эликсир'
2026-04-16 15:19:28 [INFO] aiogram.dispatcher: Polling stopped
2026-04-16 15:19:31 [INFO] aiogram.dispatcher: Start polling
2026-04-16 15:19:31 [INFO] aiogram.dispatcher: Run polling for bot @elixirtestsbot id=8496287141 - 'Тесты Эликсир'
2026-04-16 15:22:11 [WARNING] aiogram.dispatcher: Received SIGINT signal
2026-04-16 15:22:11 [INFO] aiogram.dispatcher: Polling stopped for bot @elixirtestsbot id=8496287141 - 'Тесты Эликсир'
2026-04-16 15:22:11 [INFO] aiogram.dispatcher: Polling stopped
2026-04-16 15:22:13 [INFO] aiogram.dispatcher: Start polling
2026-04-16 15:22:13 [INFO] aiogram.dispatcher: Run polling for bot @elixirtestsbot id=8496287141 - 'Тесты Эликсир'
2026-04-16 15:25:12 [WARNING] aiogram.dispatcher: Received SIGINT signal
2026-04-16 15:25:12 [INFO] aiogram.dispatcher: Polling stopped for bot @elixirtestsbot id=8496287141 - 'Тесты Эликсир'
2026-04-16 15:25:12 [INFO] aiogram.dispatcher: Polling stopped
2026-04-16 15:25:14 [INFO] aiogram.dispatcher: Start polling
2026-04-16 15:25:14 [INFO] aiogram.dispatcher: Start polling
2026-04-16 15:25:14 [INFO] aiogram.dispatcher: Run polling for bot @elixirtestsbot id=8496287141 - 'Тесты Эликсир'
2026-04-16 15:25:14 [INFO] aiogram.dispatcher: Run polling for bot @elixirtestsbot id=8496287141 - 'Тесты Эликсир'
2026-04-16 15:25:15 [WARNING] aiogram.dispatcher: Received SIGINT signal
2026-04-16 15:25:15 [INFO] aiogram.dispatcher: Polling stopped for bot @elixirtestsbot id=8496287141 - 'Тесты Эликсир'
2026-04-16 15:25:15 [INFO] aiogram.dispatcher: Polling stopped
2026-04-16 15:55:56 [WARNING] aiogram.dispatcher: Received SIGINT signal
2026-04-16 15:55:56 [INFO] aiogram.dispatcher: Polling stopped for bot @elixirtestsbot id=8496287141 - 'Тесты Эликсир'
2026-04-16 15:55:56 [INFO] aiogram.dispatcher: Polling stopped
2026-04-16 15:57:50 [INFO] aiogram.dispatcher: Start polling
2026-04-16 15:57:50 [INFO] aiogram.dispatcher: Run polling for bot @elixirtestsbot id=8496287141 - 'Тесты Эликсир'
2026-04-16 16:05:06 [WARNING] aiogram.dispatcher: Received SIGINT signal
2026-04-16 16:05:06 [INFO] aiogram.dispatcher: Polling stopped for bot @elixirtestsbot id=8496287141 - 'Тесты Эликсир'
2026-04-16 16:05:06 [INFO] aiogram.dispatcher: Polling stopped
2026-04-17 17:26:46 [INFO] aiogram.dispatcher: Start polling
2026-04-17 17:26:46 [INFO] aiogram.dispatcher: Run polling for bot @elixirtestsbot id=8496287141 - 'Тесты Эликсир'
2026-04-17 17:39:17 [WARNING] aiogram.dispatcher: Received SIGINT signal
2026-04-17 17:39:17 [INFO] aiogram.dispatcher: Polling stopped for bot @elixirtestsbot id=8496287141 - 'Тесты Эликсир'
2026-04-17 17:39:17 [INFO] aiogram.dispatcher: Polling stopped
2026-04-17 17:39:19 [INFO] aiogram.dispatcher: Start polling
2026-04-17 17:39:19 [INFO] aiogram.dispatcher: Run polling for bot @elixirtestsbot id=8496287141 - 'Тесты Эликсир'
2026-04-17 17:50:22 [WARNING] aiogram.dispatcher: Received SIGINT signal
2026-04-17 17:50:22 [INFO] aiogram.dispatcher: Polling stopped for bot @elixirtestsbot id=8496287141 - 'Тесты Эликсир'
2026-04-17 17:50:22 [INFO] aiogram.dispatcher: Polling stopped
2026-04-17 17:50:24 [INFO] aiogram.dispatcher: Start polling
2026-04-17 17:50:24 [INFO] aiogram.dispatcher: Run polling for bot @elixirtestsbot id=8496287141 - 'Тесты Эликсир'
2026-04-17 18:07:09 [WARNING] aiogram.dispatcher: Received SIGINT signal
2026-04-17 18:07:09 [INFO] aiogram.dispatcher: Polling stopped for bot @elixirtestsbot id=8496287141 - 'Тесты Эликсир'
2026-04-17 18:07:09 [INFO] aiogram.dispatcher: Polling stopped
2026-04-17 18:07:11 [INFO] aiogram.dispatcher: Start polling
2026-04-17 18:07:11 [INFO] aiogram.dispatcher: Run polling for bot @elixirtestsbot id=8496287141 - 'Тесты Эликсир'
2026-04-17 18:09:50 [WARNING] aiogram.dispatcher: Received SIGINT signal
2026-04-17 18:09:50 [INFO] aiogram.dispatcher: Polling stopped for bot @elixirtestsbot id=8496287141 - 'Тесты Эликсир'
2026-04-17 18:09:50 [INFO] aiogram.dispatcher: Polling stopped
2026-04-17 18:09:53 [INFO] aiogram.dispatcher: Start polling
2026-04-17 18:09:53 [INFO] aiogram.dispatcher: Run polling for bot @elixirtestsbot id=8496287141 - 'Тесты Эликсир'
2026-04-17 18:18:16 [WARNING] aiogram.dispatcher: Received SIGINT signal
2026-04-17 18:18:16 [INFO] aiogram.dispatcher: Polling stopped for bot @elixirtestsbot id=8496287141 - 'Тесты Эликсир'
2026-04-17 18:18:16 [INFO] aiogram.dispatcher: Polling stopped
2026-04-17 18:18:18 [INFO] aiogram.dispatcher: Start polling
2026-04-17 18:18:18 [INFO] aiogram.dispatcher: Run polling for bot @elixirtestsbot id=8496287141 - 'Тесты Эликсир'
2026-04-17 18:34:46 [WARNING] aiogram.dispatcher: Received SIGINT signal
2026-04-17 18:34:46 [INFO] aiogram.dispatcher: Polling stopped for bot @elixirtestsbot id=8496287141 - 'Тесты Эликсир'
2026-04-17 18:34:46 [INFO] aiogram.dispatcher: Polling stopped
